
running 1 test
test analytical_workloads ... BENCH_JSON {"build":"test profile; dependencies opt-level=2, core unoptimized","bytes":23141162,"peaks_per_scan":1024,"scans":1000,"synthetic":true,"workload":"dataset"}
BENCH_JSON {"seconds":0.2617777,"started_unix_seconds":1791552246.2074428,"units":1000,"workload":"source_sha256"}
BENCH_JSON {"seconds":0.0854798,"started_unix_seconds":1791552246.5129871,"units":1000,"workload":"reader_iteration_Full"}
BENCH_JSON {"seconds":0.0683475,"started_unix_seconds":1791552246.629602,"units":1000,"workload":"reader_iteration_Lazy"}
BENCH_JSON {"seconds":0.0662378,"started_unix_seconds":1791552246.7253256,"units":1000,"workload":"reader_iteration_MetadataOnly"}
BENCH_JSON {"seconds":0.1806603,"started_unix_seconds":1791552246.79189,"units":1000,"workload":"open_bounds"}
BENCH_JSON {"seconds":0.0804976,"started_unix_seconds":1791552246.9729226,"units":1000,"workload":"xic_repeat_0"}
BENCH_JSON {"seconds":0.0779066,"started_unix_seconds":1791552247.0534937,"units":1000,"workload":"xic_repeat_1"}
BENCH_JSON {"seconds":0.0787181,"started_unix_seconds":1791552247.1314623,"units":1000,"workload":"xic_repeat_2"}
BENCH_JSON {"seconds":0.1194148,"started_unix_seconds":1791552247.2102327,"units":1000,"workload":"tic_missing_metadata"}
BENCH_JSON {"seconds":0.1351007,"started_unix_seconds":1791552247.3296905,"units":1000,"workload":"bpc_missing_metadata"}
BENCH_JSON {"seconds":0.4502245,"started_unix_seconds":1791552247.465046,"units":1000,"workload":"batch_integration_1000"}
BENCH_JSON {"seconds":0.4657488,"started_unix_seconds":1791552247.9153457,"units":10001,"workload":"chromatography_sg_chord"}
BENCH_JSON {"seconds":0.4565455,"started_unix_seconds":1791552248.381163,"units":1000,"workload":"calibration_1000_fits"}
BENCH_JSON {"seconds":0.2216601,"started_unix_seconds":1791552248.8433506,"units":64,"workload":"targeted_64_samples_calibration"}
BENCH_JSON {"seconds":0.2586438,"started_unix_seconds":1791552249.0830536,"units":10000,"workload":"library_import_10000"}
BENCH_JSON {"seconds":0.358762,"started_unix_seconds":1791552249.3417563,"units":10000,"workload":"spectral_search_10000"}
BENCH_JSON {"seconds":0.0197153,"started_unix_seconds":1791552249.7078104,"units":1000,"workload":"project_register_large_source"}
BENCH_JSON {"seconds":1.5528482000000001,"started_unix_seconds":1791552249.7275681,"units":100,"workload":"project_100_commits"}
BENCH_JSON {"seconds":0.0100581,"started_unix_seconds":1791552251.280476,"units":100,"workload":"project_open_100_revisions"}
BENCH_JSON {"seconds":0.0113544,"started_unix_seconds":1791552251.290559,"units":1,"workload":"project_restore_revision"}
BENCH_JSON {"seconds":0.193281,"started_unix_seconds":1791552251.3019958,"units":2000,"workload":"concurrent_xic_2_readers"}
BENCH_JSON {"seconds":0.000273,"started_unix_seconds":1791552251.6122906,"units":1,"workload":"running_xic_cancellation_latency"}
ok

test result: ok. 1 passed; 0 failed; 0 ignored; 0 measured; 1 filtered out; finished in 5.48s

